../Core/Src/stm32g0xx_it.c:73:6:NMI_Handler	8	static
../Core/Src/stm32g0xx_it.c:88:6:HardFault_Handler	8	static
../Core/Src/stm32g0xx_it.c:103:6:SVC_Handler	8	static
../Core/Src/stm32g0xx_it.c:116:6:PendSV_Handler	8	static
../Core/Src/stm32g0xx_it.c:129:6:SysTick_Handler	8	static
../Core/Src/stm32g0xx_it.c:150:6:EXTI0_1_IRQHandler	8	static
../Core/Src/stm32g0xx_it.c:164:6:EXTI2_3_IRQHandler	8	static
../Core/Src/stm32g0xx_it.c:178:6:DMA1_Channel1_IRQHandler	8	static
../Core/Src/stm32g0xx_it.c:192:6:DMA1_Channel2_3_IRQHandler	8	static
../Core/Src/stm32g0xx_it.c:207:6:DMA1_Ch4_7_DMAMUX1_OVR_IRQHandler	8	static
../Core/Src/stm32g0xx_it.c:221:6:ADC1_IRQHandler	8	static
